Archive member included because of file (symbol)

d:/winavr-20100110/bin/../lib/gcc/avr/4.3.3/avr51\libgcc.a(_mulsi3.o)
                              sd/fat16.o (__mulsi3)
d:/winavr-20100110/bin/../lib/gcc/avr/4.3.3/avr51\libgcc.a(_udivmodhi4.o)
                              net/tcp.o (__udivmodhi4)
d:/winavr-20100110/bin/../lib/gcc/avr/4.3.3/avr51\libgcc.a(_divmodhi4.o)
                              sd/fat16.o (__divmodhi4)
d:/winavr-20100110/bin/../lib/gcc/avr/4.3.3/avr51\libgcc.a(_udivmodsi4.o)
                              sd/fat16.o (__udivmodsi4)
d:/winavr-20100110/bin/../lib/gcc/avr/4.3.3/avr51\libgcc.a(_exit.o)
                              d:/winavr-20100110/bin/../lib/gcc/avr/4.3.3/../../../../avr/lib/avr51/crtm128.o (exit)
d:/winavr-20100110/bin/../lib/gcc/avr/4.3.3/avr51\libgcc.a(_clear_bss.o)
                              main.o (__do_clear_bss)
d:/winavr-20100110/bin/../lib/gcc/avr/4.3.3/../../../../avr/lib/avr51\libc.a(malloc.o)
                              sd/fat16.o (malloc)
d:/winavr-20100110/bin/../lib/gcc/avr/4.3.3/../../../../avr/lib/avr51\libc.a(atol.o)
                              app/httpd_session.o (atol)
d:/winavr-20100110/bin/../lib/gcc/avr/4.3.3/../../../../avr/lib/avr51\libc.a(strcmp_P.o)
                              main.o (strcmp_P)
d:/winavr-20100110/bin/../lib/gcc/avr/4.3.3/../../../../avr/lib/avr51\libc.a(strlen_P.o)
                              app/httpd_modules.o (strlen_P)
d:/winavr-20100110/bin/../lib/gcc/avr/4.3.3/../../../../avr/lib/avr51\libc.a(strncasecmp_P.o)
                              app/httpd_session.o (strncasecmp_P)
d:/winavr-20100110/bin/../lib/gcc/avr/4.3.3/../../../../avr/lib/avr51\libc.a(strncmp_P.o)
                              main.o (strncmp_P)
d:/winavr-20100110/bin/../lib/gcc/avr/4.3.3/../../../../avr/lib/avr51\libc.a(strncpy_P.o)
                              app/httpd_session.o (strncpy_P)
d:/winavr-20100110/bin/../lib/gcc/avr/4.3.3/../../../../avr/lib/avr51\libc.a(memcmp.o)
                              app/dhcp_client.o (memcmp)
d:/winavr-20100110/bin/../lib/gcc/avr/4.3.3/../../../../avr/lib/avr51\libc.a(memcpy.o)
                              net/icmp.o (memcpy)
d:/winavr-20100110/bin/../lib/gcc/avr/4.3.3/../../../../avr/lib/avr51\libc.a(memmove.o)
                              net/tcp_queue.o (memmove)
d:/winavr-20100110/bin/../lib/gcc/avr/4.3.3/../../../../avr/lib/avr51\libc.a(memset.o)
                              net/arp.o (memset)
d:/winavr-20100110/bin/../lib/gcc/avr/4.3.3/../../../../avr/lib/avr51\libc.a(strchr.o)
                              app/httpd.o (strchr)
d:/winavr-20100110/bin/../lib/gcc/avr/4.3.3/../../../../avr/lib/avr51\libc.a(strcmp.o)
                              sd/fat16.o (strcmp)
d:/winavr-20100110/bin/../lib/gcc/avr/4.3.3/../../../../avr/lib/avr51\libc.a(strncmp.o)
                              sd/fat16.o (strncmp)
d:/winavr-20100110/bin/../lib/gcc/avr/4.3.3/../../../../avr/lib/avr51\libc.a(strncpy.o)
                              sd/fat16.o (strncpy)
d:/winavr-20100110/bin/../lib/gcc/avr/4.3.3/../../../../avr/lib/avr51\libc.a(strrchr.o)
                              sd/fat16.o (strrchr)
d:/winavr-20100110/bin/../lib/gcc/avr/4.3.3/../../../../avr/lib/avr51\libc.a(mulsi10.o)
                              d:/winavr-20100110/bin/../lib/gcc/avr/4.3.3/../../../../avr/lib/avr51\libc.a(atol.o) (__mulsi_const_10)
d:/winavr-20100110/bin/../lib/gcc/avr/4.3.3/../../../../avr/lib/avr51\libc.a(iob.o)
                              arch/uart.o (__iob)
d:/winavr-20100110/bin/../lib/gcc/avr/4.3.3/../../../../avr/lib/avr51\libc.a(printf_p.o)
                              main.o (printf_P)
d:/winavr-20100110/bin/../lib/gcc/avr/4.3.3/../../../../avr/lib/avr51\libc.a(sprintf_p.o)
                              app/httpd_modules.o (sprintf_P)
d:/winavr-20100110/bin/../lib/gcc/avr/4.3.3/../../../../avr/lib/avr51\libc.a(vfprintf_std.o)
                              d:/winavr-20100110/bin/../lib/gcc/avr/4.3.3/../../../../avr/lib/avr51\libc.a(printf_p.o) (vfprintf)
d:/winavr-20100110/bin/../lib/gcc/avr/4.3.3/../../../../avr/lib/avr51\libc.a(strnlen_P.o)
                              d:/winavr-20100110/bin/../lib/gcc/avr/4.3.3/../../../../avr/lib/avr51\libc.a(vfprintf_std.o) (strnlen_P)
d:/winavr-20100110/bin/../lib/gcc/avr/4.3.3/../../../../avr/lib/avr51\libc.a(strnlen.o)
                              d:/winavr-20100110/bin/../lib/gcc/avr/4.3.3/../../../../avr/lib/avr51\libc.a(vfprintf_std.o) (strnlen)
d:/winavr-20100110/bin/../lib/gcc/avr/4.3.3/../../../../avr/lib/avr51\libc.a(fputc.o)
                              d:/winavr-20100110/bin/../lib/gcc/avr/4.3.3/../../../../avr/lib/avr51\libc.a(vfprintf_std.o) (fputc)
d:/winavr-20100110/bin/../lib/gcc/avr/4.3.3/../../../../avr/lib/avr51\libc.a(ultoa_invert.o)
                              d:/winavr-20100110/bin/../lib/gcc/avr/4.3.3/../../../../avr/lib/avr51\libc.a(vfprintf_std.o) (__ultoa_invert)

Allocating common symbols
Common symbol       size              file

outPut              0xc               main.o
inPut               0x10              main.o
__brkval            0x2               d:/winavr-20100110/bin/../lib/gcc/avr/4.3.3/../../../../avr/lib/avr51\libc.a(malloc.o)
ethernet_rx_buffer  0x5ea             net/ethernet.o
ethernet_tx_buffer  0x5ea             net/ethernet.o
__flp               0x2               d:/winavr-20100110/bin/../lib/gcc/avr/4.3.3/../../../../avr/lib/avr51\libc.a(malloc.o)
__iob               0x6               d:/winavr-20100110/bin/../lib/gcc/avr/4.3.3/../../../../avr/lib/avr51\libc.a(iob.o)

Memory Configuration

Name             Origin             Length             Attributes
text             0x00000000         0x00020000         xr
data             0x00800060         0x0000ffa0         rw !x
eeprom           0x00810000         0x00010000         rw !x
fuse             0x00820000         0x00000400         rw !x
lock             0x00830000         0x00000400         rw !x
signature        0x00840000         0x00000400         rw !x
*default*        0x00000000         0xffffffff

Linker script and memory map

Address of section .data set to 0x800100
LOAD d:/winavr-20100110/bin/../lib/gcc/avr/4.3.3/../../../../avr/lib/avr51/crtm128.o
LOAD main.o
LOAD app/clock_sync.o
LOAD app/dhcp_client.o
LOAD app/httpd.o
LOAD app/httpd_modules.o
LOAD app/httpd_session.o
LOAD arch/spi.o
LOAD arch/uart.o
LOAD arch/xmem.o
LOAD mcp23sxx/mcp23s08.o
LOAD mcp23sxx/mcp23s17.o
LOAD mcp23sxx/mcp23sxx.o
LOAD net/arp.o
LOAD net/ethernet.o
LOAD net/icmp.o
LOAD net/ip.o
LOAD net/net.o
LOAD net/tcp.o
LOAD net/tcp_queue.o
LOAD net/udp.o
LOAD sd/fat16.o
LOAD sd/partition.o
LOAD sd/sd.o
LOAD sd/sd_raw.o
LOAD sys/clock.o
LOAD sys/timer.o
Address of section .data set to 0x801100
                0x0080ffff                __heap_end = 0x80ffff
LOAD d:/winavr-20100110/bin/../lib/gcc/avr/4.3.3/avr51\libgcc.a
LOAD d:/winavr-20100110/bin/../lib/gcc/avr/4.3.3/../../../../avr/lib/avr51\libc.a
LOAD d:/winavr-20100110/bin/../lib/gcc/avr/4.3.3/avr51\libgcc.a

.hash
 *(.hash)

.dynsym
 *(.dynsym)

.dynstr
 *(.dynstr)

.gnu.version
 *(.gnu.version)

.gnu.version_d
 *(.gnu.version_d)

.gnu.version_r
 *(.gnu.version_r)

.rel.init
 *(.rel.init)

.rela.init
 *(.rela.init)

.rel.text
 *(.rel.text)
 *(.rel.text.*)
 *(.rel.gnu.linkonce.t*)

.rela.text
 *(.rela.text)
 *(.rela.text.*)
 *(.rela.gnu.linkonce.t*)

.rel.fini
 *(.rel.fini)

.rela.fini
 *(.rela.fini)

.rel.rodata
 *(.rel.rodata)
 *(.rel.rodata.*)
 *(.rel.gnu.linkonce.r*)

.rela.rodata
 *(.rela.rodata)
 *(.rela.rodata.*)
 *(.rela.gnu.linkonce.r*)

.rel.data
 *(.rel.data)
 *(.rel.data.*)
 *(.rel.gnu.linkonce.d*)

.rela.data
 *(.rela.data)
 *(.rela.data.*)
 *(.rela.gnu.linkonce.d*)

.rel.ctors
 *(.rel.ctors)

.rela.ctors
 *(.rela.ctors)

.rel.dtors
 *(.rel.dtors)

.rela.dtors
 *(.rela.dtors)

.rel.got
 *(.rel.got)

.rela.got
 *(.rela.got)

.rel.bss
 *(.rel.bss)

.rela.bss
 *(.rela.bss)

.rel.plt
 *(.rel.plt)

.rela.plt
 *(.rela.plt)

.text           0x00000000     0x9bfe
 *(.vectors)
 .vectors       0x00000000       0x8c d:/winavr-20100110/bin/../lib/gcc/avr/4.3.3/../../../../avr/lib/avr51/crtm128.o
                0x00000000                __vectors
                0x00000000                __vector_default
 *(.vectors)
 *(.progmem.gcc*)
 *(.progmem*)
 .progmem.data  0x0000008c      0x3a8 main.o
 .progmem.data  0x00000434       0x26 app/httpd.o
 .progmem.data  0x0000045a      0x4fb app/httpd_modules.o
                0x0000045a                httpd_module_mime_mappings
 .progmem.data  0x00000955      0x16c app/httpd_session.o
                0x00000955                httpd_messages
                0x00000ac2                . = ALIGN (0x2)
 *fill*         0x00000ac1        0x1 00
                0x00000ac2                __trampolines_start = .
 *(.trampolines)
 .trampolines   0x00000ac2        0x0 linker stubs
 *(.trampolines*)
                0x00000ac2                __trampolines_end = .
 *(.jumptables)
 *(.jumptables*)
 *(.lowtext)
 *(.lowtext*)
                0x00000ac2                __ctors_start = .
 *(.ctors)
                0x00000ac2                __ctors_end = .
                0x00000ac2                __dtors_start = .
 *(.dtors)
                0x00000ac2                __dtors_end = .
 SORT(*)(.ctors)
 SORT(*)(.dtors)
 *(.init0)
 .init0         0x00000ac2        0x0 d:/winavr-20100110/bin/../lib/gcc/avr/4.3.3/../../../../avr/lib/avr51/crtm128.o
                0x00000ac2                __init
 *(.init0)
 *(.init1)
 *(.init1)
 *(.init2)
 .init2         0x00000ac2        0xc d:/winavr-20100110/bin/../lib/gcc/avr/4.3.3/../../../../avr/lib/avr51/crtm128.o
 *(.init2)
 *(.init3)
 .init3         0x00000ace       0x20 arch/xmem.o
                0x00000ace                xmem_init
 *(.init3)
 *(.init4)
 .init4         0x00000aee       0x1a d:/winavr-20100110/bin/../lib/gcc/avr/4.3.3/../../../../avr/lib/avr51/crtm128.o
                0x00000aee                __do_copy_data
 .init4         0x00000b08       0x10 d:/winavr-20100110/bin/../lib/gcc/avr/4.3.3/avr51\libgcc.a(_clear_bss.o)
                0x00000b08                __do_clear_bss
 *(.init4)
 *(.init5)
 *(.init5)
 *(.init6)
 *(.init6)
 *(.init7)
 *(.init7)
 *(.init8)
 *(.init8)
 *(.init9)
 .init9         0x00000b18        0x8 d:/winavr-20100110/bin/../lib/gcc/avr/4.3.3/../../../../avr/lib/avr51/crtm128.o
 *(.init9)
 *(.text)
 .text          0x00000b20        0x4 d:/winavr-20100110/bin/../lib/gcc/avr/4.3.3/../../../../avr/lib/avr51/crtm128.o
                0x00000b20                __vector_22
                0x00000b20                __vector_28
                0x00000b20                __vector_1
                0x00000b20                __vector_32
                0x00000b20                __vector_34
                0x00000b20                __vector_24
                0x00000b20                __vector_12
                0x00000b20                __bad_interrupt
                0x00000b20                __vector_6
                0x00000b20                __vector_31
                0x00000b20                __vector_3
                0x00000b20                __vector_23
                0x00000b20                __vector_30
                0x00000b20                __vector_25
                0x00000b20                __vector_11
                0x00000b20                __vector_13
                0x00000b20                __vector_17
                0x00000b20                __vector_19
                0x00000b20                __vector_7
                0x00000b20                __vector_27
                0x00000b20                __vector_5
                0x00000b20                __vector_33
                0x00000b20                __vector_4
                0x00000b20                __vector_2
                0x00000b20                __vector_21
                0x00000b20                __vector_15
                0x00000b20                __vector_29
                0x00000b20                __vector_8
                0x00000b20                __vector_26
                0x00000b20                __vector_14
                0x00000b20                __vector_10
                0x00000b20                __vector_16
                0x00000b20                __vector_18
                0x00000b20                __vector_20
 .text          0x00000b24      0xd56 main.o
                0x00000ce0                initAddressSwitch
                0x00000cf4                initDigitalInput
                0x00000d08                writeDigitalOutput
                0x00000b84                initDac
                0x00000b34                readAdcChannel
                0x00000d3a                initDigitalOutput
                0x00001764                readDigitalInput
                0x00000d52                main
                0x00000b8c                __vector_9
                0x00000b24                initAdc
 .text          0x0000187a      0x226 app/clock_sync.o
                0x000018b0                clock_sync_start
                0x0000187a                clock_sync_abort
 .text          0x00001aa0      0x5b6 app/dhcp_client.o
                0x00001aa0                dhcp_client_abort
                0x00001ace                dhcp_client_start
 .text          0x00002056      0x446 app/httpd.o
                0x00002056                httpd_init
 .text          0x0000249c      0x87a app/httpd_modules.o
                0x000026d0                httpd_module_dir_callback
                0x0000249c                httpd_module_file_callback
                0x00002b08                httpd_module_root_callback
                0x00002980                httpd_module_demo_arg_callback
                0x00002b86                httpd_module_auth_callback
 .text          0x00002d16      0x9ac app/httpd_session.o
                0x000033e0                httpd_session_write_header
                0x00003464                httpd_session_write_status
                0x00003336                httpd_session_begin_content
                0x0000318a                httpd_session_write_content_P
                0x000032dc                httpd_session_begin_content_chunked
                0x00003246                httpd_session_end_content
                0x00003280                httpd_session_write_header_PP
                0x000035aa                httpd_session_write_error
                0x00002d24                httpd_session_read_header_P
                0x00002f86                httpd_session_reserve_write_buffer
                0x0000303e                httpd_session_get_write_buffer_size
                0x00002f54                httpd_session_get_write_buffer
                0x00002da6                httpd_session_read_argument_P
                0x0000336c                httpd_session_write_header_P
                0x00002d16                httpd_session_close
                0x00003072                httpd_session_write_content
 .text          0x000036c2       0x62 arch/spi.o
                0x000036c2                spi_init
                0x000036dc                spi_rec_byte
                0x0000371c                spi_high_frequency
                0x000036fe                spi_rec_data
                0x000036e8                spi_send_data
                0x000036d4                spi_send_byte
                0x00003714                spi_low_frequency
 .text          0x00003724       0xc0 arch/uart.o
                0x000037be                uart_getc_try
                0x00003778                uart_putc_hex
                0x00003724                uart_init
                0x000037b0                uart_getc
                0x00003756                uart_putc
                0x00003738                uart_connect_stdio
 .text          0x000037e4        0x0 arch/xmem.o
 .text          0x000037e4       0x16 mcp23sxx/mcp23s08.o
                0x000037ee                mcp23s08_ddr_init
                0x000037e4                mcp23s08_input_polarity
 .text          0x000037fa       0x50 mcp23sxx/mcp23s17.o
                0x00003814                mcp23s17_input_polarity
                0x0000382e                mcp23s17_ddr_init
                0x000037fa                mcp23s17_write_out
 .text          0x0000384a       0x2c mcp23sxx/mcp23sxx.o
                0x0000384a                mcp23sxx_spi_read
                0x0000385e                mcp23sxx_spi_write
 .text          0x00003876      0x34a net/arp.o
                0x00003876                arp_get_mac
                0x00003b70                arp_init
                0x000039a6                arp_handle_packet
 .text          0x00003bc0       0xd8 net/ethernet.o
                0x00003bc6                ethernet_send_packet
                0x00003bc0                ethernet_get_mac
                0x00003c2c                ethernet_handle_packet
                0x00003c72                ethernet_init
 .text          0x00003c98       0x9a net/icmp.o
                0x00003c9a                icmp_handle_packet
                0x00003c98                icmp_init
 .text          0x00003d32      0x3b0 net/ip.o
                0x00003d3e                ip_get_gateway
                0x00003d44                ip_get_broadcast
                0x00003d38                ip_get_netmask
                0x00003dc4                ip_set_netmask
                0x00003e58                ip_send_packet
                0x00003d94                ip_set_gateway
                0x00003e32                ip_init
                0x00003fd4                ip_handle_packet
                0x00003e02                ip_set_address
                0x00003d32                ip_get_address
 .text          0x000040e2       0x62 net/net.o
                0x0000412e                hton32
                0x000040e2                net_calc_checksum
                0x00004122                hton16
 .text          0x00004144     0x1618 net/tcp.o
                0x0000454a                tcp_socket_free
                0x0000428a                tcp_buffer_used_rx
                0x00004438                tcp_write
                0x00004144                tcp_disconnect
                0x00004676                tcp_socket_alloc
                0x0000438a                tcp_skip
                0x000045c6                tcp_listen
                0x00005522                tcp_init
                0x000046ac                tcp_connect
                0x000042c0                tcp_buffer_tx
                0x0000421e                tcp_buffer_used_tx
                0x000042f6                tcp_buffer_rx
                0x00004196                tcp_accept
                0x00004410                tcp_read
                0x000043ca                tcp_peek
                0x00004c78                tcp_handle_packet
                0x00004254                tcp_buffer_space_rx
                0x0000432c                tcp_reserve
                0x00004496                tcp_write_string_P
                0x000041e8                tcp_buffer_space_tx
 .text          0x0000575c      0x5f4 net/tcp_queue.o
                0x000057d2                tcp_queue_free
                0x00005ba0                tcp_queue_get_rx
                0x00005bd4                tcp_queue_skip_rx
                0x000057fa                tcp_queue_space_rx
                0x000057e6                tcp_queue_used_rx
                0x00005af0                tcp_queue_peek_tx
                0x00005a4c                tcp_queue_put_tx
                0x00005bda                tcp_queue_used_buffer_rx
                0x00005938                tcp_queue_used_tx
                0x0000585e                tcp_queue_space_buffer_tx
                0x0000575c                tcp_queue_alloc
                0x0000597c                tcp_queue_clear
                0x0000581e                tcp_queue_reserve_tx
                0x00005b60                tcp_queue_skip_tx
                0x00005afa                tcp_queue_peek_rx
                0x00005954                tcp_queue_space_tx
                0x00005b6a                tcp_queue_get_tx
                0x00005a56                tcp_queue_put_rx
 .text          0x00005d50      0x3f6 net/udp.o
                0x00005d50                udp_socket_free
                0x00005d78                udp_bind_local
                0x00006058                udp_handle_packet
                0x00005e36                udp_socket_alloc
                0x00005e02                udp_unbind_remote
                0x00006008                udp_bind_remote
                0x00005f28                udp_send
                0x00005ec0                udp_init
 .text          0x00006146     0x1fe4 sd/fat16.o
                0x00007540                fat16_resize_file
                0x00007b8a                fat16_close
                0x000067a0                fat16_reset_dir
                0x00006974                fat16_delete_file
                0x00006aba                fat16_get_fs_free
                0x00006a78                fat16_get_file_modification_date
                0x00006c3a                fat16_read_dir
                0x00006a7a                fat16_get_file_modification_time
                0x000077b8                fat16_seek_file
                0x00006a7c                fat16_get_fs_size
                0x00007b80                fat16_close_file
                0x00007bfc                fat16_open_file
                0x00006514                fat16_read_file
                0x00007c68                fat16_open
                0x00007478                fat16_create_file
                0x000072fa                fat16_create_dir
                0x00008008                fat16_get_dir_entry_of_path
                0x00007870                fat16_write_file
                0x00007b94                fat16_open_dir
                0x00007b76                fat16_close_dir
 .text          0x0000812a      0x1aa sd/partition.o
                0x0000812a                partition_close
                0x0000813a                partition_open
 .text          0x000082d4      0x1c6 sd/sd.o
                0x0000832c                sd_open_file_in_dir
                0x00008382                sd_close
                0x000083c0                sd_open
                0x000082d4                sd_get_fs
                0x000082e8                sd_find_file_in_dir
                0x000082de                sd_get_root_dir
 .text          0x0000849a      0x8a2 sd/sd_raw.o
                0x0000849a                sd_raw_available
                0x00008aa0                sd_raw_write_interval
                0x00008772                sd_raw_read
                0x00008c36                sd_raw_init
                0x00008b56                sd_raw_read_interval
                0x0000851e                sd_raw_get_info
                0x00008a6c                sd_raw_sync
                0x000084ac                sd_raw_locked
                0x000088d6                sd_raw_write
 .text          0x00008d3c      0x1ec sys/clock.o
                0x00008ed8                clock_init
                0x00008d3c                clock_get
                0x00008d4e                clock_set
                0x00008d60                clock_interpret
 .text          0x00008f28      0x228 sys/timer.o
                0x000090c8                timer_interval
                0x0000900c                timer_get_user
                0x00008fe0                timer_expired
                0x0000908c                timer_alloc
                0x00008fb8                timer_stop
                0x00008f48                timer_set
                0x00008f28                timer_free
                0x0000903e                timer_set_user
 .text          0x00009150        0x0 d:/winavr-20100110/bin/../lib/gcc/avr/4.3.3/avr51\libgcc.a(_mulsi3.o)
 .text          0x00009150        0x0 d:/winavr-20100110/bin/../lib/gcc/avr/4.3.3/avr51\libgcc.a(_udivmodhi4.o)
 .text          0x00009150        0x0 d:/winavr-20100110/bin/../lib/gcc/avr/4.3.3/avr51\libgcc.a(_divmodhi4.o)
 .text          0x00009150        0x0 d:/winavr-20100110/bin/../lib/gcc/avr/4.3.3/avr51\libgcc.a(_udivmodsi4.o)
 .text          0x00009150        0x0 d:/winavr-20100110/bin/../lib/gcc/avr/4.3.3/avr51\libgcc.a(_exit.o)
 .text          0x00009150        0x0 d:/winavr-20100110/bin/../lib/gcc/avr/4.3.3/avr51\libgcc.a(_clear_bss.o)
 .text          0x00009150        0x0 d:/winavr-20100110/bin/../lib/gcc/avr/4.3.3/../../../../avr/lib/avr51\libc.a(malloc.o)
 .text          0x00009150        0x0 d:/winavr-20100110/bin/../lib/gcc/avr/4.3.3/../../../../avr/lib/avr51\libc.a(atol.o)
 .text          0x00009150        0x0 d:/winavr-20100110/bin/../lib/gcc/avr/4.3.3/../../../../avr/lib/avr51\libc.a(strcmp_P.o)
 .text          0x00009150        0x0 d:/winavr-20100110/bin/../lib/gcc/avr/4.3.3/../../../../avr/lib/avr51\libc.a(strlen_P.o)
 .text          0x00009150        0x0 d:/winavr-20100110/bin/../lib/gcc/avr/4.3.3/../../../../avr/lib/avr51\libc.a(strncasecmp_P.o)
 .text          0x00009150        0x0 d:/winavr-20100110/bin/../lib/gcc/avr/4.3.3/../../../../avr/lib/avr51\libc.a(strncmp_P.o)
 .text          0x00009150        0x0 d:/winavr-20100110/bin/../lib/gcc/avr/4.3.3/../../../../avr/lib/avr51\libc.a(strncpy_P.o)
 .text          0x00009150        0x0 d:/winavr-20100110/bin/../lib/gcc/avr/4.3.3/../../../../avr/lib/avr51\libc.a(memcmp.o)
 .text          0x00009150        0x0 d:/winavr-20100110/bin/../lib/gcc/avr/4.3.3/../../../../avr/lib/avr51\libc.a(memcpy.o)
 .text          0x00009150        0x0 d:/winavr-20100110/bin/../lib/gcc/avr/4.3.3/../../../../avr/lib/avr51\libc.a(memmove.o)
 .text          0x00009150        0x0 d:/winavr-20100110/bin/../lib/gcc/avr/4.3.3/../../../../avr/lib/avr51\libc.a(memset.o)
 .text          0x00009150        0x0 d:/winavr-20100110/bin/../lib/gcc/avr/4.3.3/../../../../avr/lib/avr51\libc.a(strchr.o)
 .text          0x00009150        0x0 d:/winavr-20100110/bin/../lib/gcc/avr/4.3.3/../../../../avr/lib/avr51\libc.a(strcmp.o)
 .text          0x00009150        0x0 d:/winavr-20100110/bin/../lib/gcc/avr/4.3.3/../../../../avr/lib/avr51\libc.a(strncmp.o)
 .text          0x00009150        0x0 d:/winavr-20100110/bin/../lib/gcc/avr/4.3.3/../../../../avr/lib/avr51\libc.a(strncpy.o)
 .text          0x00009150        0x0 d:/winavr-20100110/bin/../lib/gcc/avr/4.3.3/../../../../avr/lib/avr51\libc.a(strrchr.o)
 .text          0x00009150        0x0 d:/winavr-20100110/bin/../lib/gcc/avr/4.3.3/../../../../avr/lib/avr51\libc.a(mulsi10.o)
 .text          0x00009150        0x0 d:/winavr-20100110/bin/../lib/gcc/avr/4.3.3/../../../../avr/lib/avr51\libc.a(iob.o)
 .text          0x00009150        0x0 d:/winavr-20100110/bin/../lib/gcc/avr/4.3.3/../../../../avr/lib/avr51\libc.a(printf_p.o)
 .text          0x00009150        0x0 d:/winavr-20100110/bin/../lib/gcc/avr/4.3.3/../../../../avr/lib/avr51\libc.a(sprintf_p.o)
 .text          0x00009150        0x0 d:/winavr-20100110/bin/../lib/gcc/avr/4.3.3/../../../../avr/lib/avr51\libc.a(vfprintf_std.o)
 .text          0x00009150        0x0 d:/winavr-20100110/bin/../lib/gcc/avr/4.3.3/../../../../avr/lib/avr51\libc.a(strnlen_P.o)
 .text          0x00009150        0x0 d:/winavr-20100110/bin/../lib/gcc/avr/4.3.3/../../../../avr/lib/avr51\libc.a(strnlen.o)
 .text          0x00009150        0x0 d:/winavr-20100110/bin/../lib/gcc/avr/4.3.3/../../../../avr/lib/avr51\libc.a(fputc.o)
 .text          0x00009150        0x0 d:/winavr-20100110/bin/../lib/gcc/avr/4.3.3/../../../../avr/lib/avr51\libc.a(ultoa_invert.o)
                0x00009150                . = ALIGN (0x2)
 *(.text.*)
 .text.libgcc   0x00009150       0x3e d:/winavr-20100110/bin/../lib/gcc/avr/4.3.3/avr51\libgcc.a(_mulsi3.o)
                0x00009150                __mulsi3
 .text.libgcc   0x0000918e       0x28 d:/winavr-20100110/bin/../lib/gcc/avr/4.3.3/avr51\libgcc.a(_udivmodhi4.o)
                0x0000918e                __udivmodhi4
 .text.libgcc   0x000091b6       0x26 d:/winavr-20100110/bin/../lib/gcc/avr/4.3.3/avr51\libgcc.a(_divmodhi4.o)
                0x000091b6                __divmodhi4
                0x000091b6                _div
 .text.libgcc   0x000091dc       0x44 d:/winavr-20100110/bin/../lib/gcc/avr/4.3.3/avr51\libgcc.a(_udivmodsi4.o)
                0x000091dc                __udivmodsi4
 .text.libgcc   0x00009220        0x0 d:/winavr-20100110/bin/../lib/gcc/avr/4.3.3/avr51\libgcc.a(_exit.o)
 .text.libgcc   0x00009220        0x0 d:/winavr-20100110/bin/../lib/gcc/avr/4.3.3/avr51\libgcc.a(_clear_bss.o)
 .text.avr-libc
                0x00009220      0x20a d:/winavr-20100110/bin/../lib/gcc/avr/4.3.3/../../../../avr/lib/avr51\libc.a(malloc.o)
                0x00009220                malloc
                0x0000937a                free
 .text.avr-libc
                0x0000942a       0x4e d:/winavr-20100110/bin/../lib/gcc/avr/4.3.3/../../../../avr/lib/avr51\libc.a(atol.o)
                0x0000942a                atol
 .text.avr-libc
                0x00009478       0x12 d:/winavr-20100110/bin/../lib/gcc/avr/4.3.3/../../../../avr/lib/avr51\libc.a(strcmp_P.o)
                0x00009478                strcmp_P
 .text.avr-libc
                0x0000948a       0x12 d:/winavr-20100110/bin/../lib/gcc/avr/4.3.3/../../../../avr/lib/avr51\libc.a(strlen_P.o)
                0x0000948a                strlen_P
 .text.avr-libc
                0x0000949c       0x30 d:/winavr-20100110/bin/../lib/gcc/avr/4.3.3/../../../../avr/lib/avr51\libc.a(strncasecmp_P.o)
                0x0000949c                strncasecmp_P
 .text.avr-libc
                0x000094cc       0x1c d:/winavr-20100110/bin/../lib/gcc/avr/4.3.3/../../../../avr/lib/avr51\libc.a(strncmp_P.o)
                0x000094cc                strncmp_P
 .text.avr-libc
                0x000094e8       0x1e d:/winavr-20100110/bin/../lib/gcc/avr/4.3.3/../../../../avr/lib/avr51\libc.a(strncpy_P.o)
                0x000094e8                strncpy_P
 .text.avr-libc
                0x00009506       0x1a d:/winavr-20100110/bin/../lib/gcc/avr/4.3.3/../../../../avr/lib/avr51\libc.a(memcmp.o)
                0x00009506                memcmp
 .text.avr-libc
                0x00009520       0x12 d:/winavr-20100110/bin/../lib/gcc/avr/4.3.3/../../../../avr/lib/avr51\libc.a(memcpy.o)
                0x00009520                memcpy
 .text.avr-libc
                0x00009532       0x24 d:/winavr-20100110/bin/../lib/gcc/avr/4.3.3/../../../../avr/lib/avr51\libc.a(memmove.o)
                0x00009532                memmove
 .text.avr-libc
                0x00009556        0xe d:/winavr-20100110/bin/../lib/gcc/avr/4.3.3/../../../../avr/lib/avr51\libc.a(memset.o)
                0x00009556                memset
 .text.avr-libc
                0x00009564       0x16 d:/winavr-20100110/bin/../lib/gcc/avr/4.3.3/../../../../avr/lib/avr51\libc.a(strchr.o)
                0x00009564                strchr
 .text.avr-libc
                0x0000957a       0x12 d:/winavr-20100110/bin/../lib/gcc/avr/4.3.3/../../../../avr/lib/avr51\libc.a(strcmp.o)
                0x0000957a                strcmp
 .text.avr-libc
                0x0000958c       0x1c d:/winavr-20100110/bin/../lib/gcc/avr/4.3.3/../../../../avr/lib/avr51\libc.a(strncmp.o)
                0x0000958c                strncmp
 .text.avr-libc
                0x000095a8       0x1e d:/winavr-20100110/bin/../lib/gcc/avr/4.3.3/../../../../avr/lib/avr51\libc.a(strncpy.o)
                0x000095a8                strncpy
 .text.avr-libc
                0x000095c6       0x16 d:/winavr-20100110/bin/../lib/gcc/avr/4.3.3/../../../../avr/lib/avr51\libc.a(strrchr.o)
                0x000095c6                strrchr
 .text.avr-libc
                0x000095dc       0x2a d:/winavr-20100110/bin/../lib/gcc/avr/4.3.3/../../../../avr/lib/avr51\libc.a(mulsi10.o)
                0x000095dc                __mulsi_const_10
 .text.avr-libc
                0x00009606       0x46 d:/winavr-20100110/bin/../lib/gcc/avr/4.3.3/../../../../avr/lib/avr51\libc.a(printf_p.o)
                0x00009606                printf_P
 .text.avr-libc
                0x0000964c       0x62 d:/winavr-20100110/bin/../lib/gcc/avr/4.3.3/../../../../avr/lib/avr51\libc.a(sprintf_p.o)
                0x0000964c                sprintf_P
 .text.avr-libc
                0x000096ae      0x40c d:/winavr-20100110/bin/../lib/gcc/avr/4.3.3/../../../../avr/lib/avr51\libc.a(vfprintf_std.o)
                0x000096ae                vfprintf
 .text.avr-libc
                0x00009aba       0x16 d:/winavr-20100110/bin/../lib/gcc/avr/4.3.3/../../../../avr/lib/avr51\libc.a(strnlen_P.o)
                0x00009aba                strnlen_P
 .text.avr-libc
                0x00009ad0       0x16 d:/winavr-20100110/bin/../lib/gcc/avr/4.3.3/../../../../avr/lib/avr51\libc.a(strnlen.o)
                0x00009ad0                strnlen
 .text.avr-libc
                0x00009ae6       0x58 d:/winavr-20100110/bin/../lib/gcc/avr/4.3.3/../../../../avr/lib/avr51\libc.a(fputc.o)
                0x00009ae6                fputc
 .text.avr-libc
                0x00009b3e       0xbc d:/winavr-20100110/bin/../lib/gcc/avr/4.3.3/../../../../avr/lib/avr51\libc.a(ultoa_invert.o)
                0x00009b3e                __ultoa_invert
                0x00009bfa                . = ALIGN (0x2)
 *(.fini9)
 .fini9         0x00009bfa        0x0 d:/winavr-20100110/bin/../lib/gcc/avr/4.3.3/avr51\libgcc.a(_exit.o)
                0x00009bfa                exit
                0x00009bfa                _exit
 *(.fini9)
 *(.fini8)
 *(.fini8)
 *(.fini7)
 *(.fini7)
 *(.fini6)
 *(.fini6)
 *(.fini5)
 *(.fini5)
 *(.fini4)
 *(.fini4)
 *(.fini3)
 *(.fini3)
 *(.fini2)
 *(.fini2)
 *(.fini1)
 *(.fini1)
 *(.fini0)
 .fini0         0x00009bfa        0x4 d:/winavr-20100110/bin/../lib/gcc/avr/4.3.3/avr51\libgcc.a(_exit.o)
 *(.fini0)
                0x00009bfe                _etext = .

.data           0x00801100       0x62 load address 0x00009bfe
                0x00801100                PROVIDE (__data_start, .)
 *(.data)
 .data          0x00801100        0x0 d:/winavr-20100110/bin/../lib/gcc/avr/4.3.3/../../../../avr/lib/avr51/crtm128.o
 .data          0x00801100       0x2a main.o
                0x0080110c                mac_addr
                0x00801100                ip_addr
                0x00801104                netmask
                0x00801108                gateway
 .data          0x0080112a        0x6 app/clock_sync.o
 .data          0x00801130        0x0 app/dhcp_client.o
 .data          0x00801130        0xa app/httpd.o
 .data          0x0080113a        0x0 app/httpd_modules.o
 .data          0x0080113a        0x0 app/httpd_session.o
 .data          0x0080113a        0x0 arch/spi.o
 .data          0x0080113a        0xe arch/uart.o
 .data          0x00801148        0x0 arch/xmem.o
 .data          0x00801148        0x0 mcp23sxx/mcp23s08.o
 .data          0x00801148        0x0 mcp23sxx/mcp23s17.o
 .data          0x00801148        0x0 mcp23sxx/mcp23sxx.o
 .data          0x00801148        0x0 net/arp.o
 .data          0x00801148        0x0 net/ethernet.o
 .data          0x00801148        0x0 net/icmp.o
 .data          0x00801148        0x0 net/ip.o
 .data          0x00801148        0x0 net/net.o
 .data          0x00801148        0x2 net/tcp.o
 .data          0x0080114a        0x0 net/tcp_queue.o
 .data          0x0080114a        0x2 net/udp.o
 .data          0x0080114c        0xd sd/fat16.o
 .data          0x00801159        0x0 sd/partition.o
 .data          0x00801159        0x2 sd/sd.o
 .data          0x0080115b        0x0 sd/sd_raw.o
 .data          0x0080115b        0x0 sys/clock.o
 .data          0x0080115b        0x0 sys/timer.o
 .data          0x0080115b        0x0 d:/winavr-20100110/bin/../lib/gcc/avr/4.3.3/avr51\libgcc.a(_mulsi3.o)
 .data          0x0080115b        0x0 d:/winavr-20100110/bin/../lib/gcc/avr/4.3.3/avr51\libgcc.a(_udivmodhi4.o)
 .data          0x0080115b        0x0 d:/winavr-20100110/bin/../lib/gcc/avr/4.3.3/avr51\libgcc.a(_divmodhi4.o)
 .data          0x0080115b        0x0 d:/winavr-20100110/bin/../lib/gcc/avr/4.3.3/avr51\libgcc.a(_udivmodsi4.o)
 .data          0x0080115b        0x0 d:/winavr-20100110/bin/../lib/gcc/avr/4.3.3/avr51\libgcc.a(_exit.o)
 .data          0x0080115b        0x0 d:/winavr-20100110/bin/../lib/gcc/avr/4.3.3/avr51\libgcc.a(_clear_bss.o)
 .data          0x0080115b        0x6 d:/winavr-20100110/bin/../lib/gcc/avr/4.3.3/../../../../avr/lib/avr51\libc.a(malloc.o)
                0x0080115d                __malloc_heap_start
                0x0080115f                __malloc_heap_end
                0x0080115b                __malloc_margin
 .data          0x00801161        0x0 d:/winavr-20100110/bin/../lib/gcc/avr/4.3.3/../../../../avr/lib/avr51\libc.a(atol.o)
 .data          0x00801161        0x0 d:/winavr-20100110/bin/../lib/gcc/avr/4.3.3/../../../../avr/lib/avr51\libc.a(strcmp_P.o)
 .data          0x00801161        0x0 d:/winavr-20100110/bin/../lib/gcc/avr/4.3.3/../../../../avr/lib/avr51\libc.a(strlen_P.o)
 .data          0x00801161        0x0 d:/winavr-20100110/bin/../lib/gcc/avr/4.3.3/../../../../avr/lib/avr51\libc.a(strncasecmp_P.o)
 .data          0x00801161        0x0 d:/winavr-20100110/bin/../lib/gcc/avr/4.3.3/../../../../avr/lib/avr51\libc.a(strncmp_P.o)
 .data          0x00801161        0x0 d:/winavr-20100110/bin/../lib/gcc/avr/4.3.3/../../../../avr/lib/avr51\libc.a(strncpy_P.o)
 .data          0x00801161        0x0 d:/winavr-20100110/bin/../lib/gcc/avr/4.3.3/../../../../avr/lib/avr51\libc.a(memcmp.o)
 .data          0x00801161        0x0 d:/winavr-20100110/bin/../lib/gcc/avr/4.3.3/../../../../avr/lib/avr51\libc.a(memcpy.o)
 .data          0x00801161        0x0 d:/winavr-20100110/bin/../lib/gcc/avr/4.3.3/../../../../avr/lib/avr51\libc.a(memmove.o)
 .data          0x00801161        0x0 d:/winavr-20100110/bin/../lib/gcc/avr/4.3.3/../../../../avr/lib/avr51\libc.a(memset.o)
 .data          0x00801161        0x0 d:/winavr-20100110/bin/../lib/gcc/avr/4.3.3/../../../../avr/lib/avr51\libc.a(strchr.o)
 .data          0x00801161        0x0 d:/winavr-20100110/bin/../lib/gcc/avr/4.3.3/../../../../avr/lib/avr51\libc.a(strcmp.o)
 .data          0x00801161        0x0 d:/winavr-20100110/bin/../lib/gcc/avr/4.3.3/../../../../avr/lib/avr51\libc.a(strncmp.o)
 .data          0x00801161        0x0 d:/winavr-20100110/bin/../lib/gcc/avr/4.3.3/../../../../avr/lib/avr51\libc.a(strncpy.o)
 .data          0x00801161        0x0 d:/winavr-20100110/bin/../lib/gcc/avr/4.3.3/../../../../avr/lib/avr51\libc.a(strrchr.o)
 .data          0x00801161        0x0 d:/winavr-20100110/bin/../lib/gcc/avr/4.3.3/../../../../avr/lib/avr51\libc.a(mulsi10.o)
 .data          0x00801161        0x0 d:/winavr-20100110/bin/../lib/gcc/avr/4.3.3/../../../../avr/lib/avr51\libc.a(iob.o)
 .data          0x00801161        0x0 d:/winavr-20100110/bin/../lib/gcc/avr/4.3.3/../../../../avr/lib/avr51\libc.a(printf_p.o)
 .data          0x00801161        0x0 d:/winavr-20100110/bin/../lib/gcc/avr/4.3.3/../../../../avr/lib/avr51\libc.a(sprintf_p.o)
 .data          0x00801161        0x0 d:/winavr-20100110/bin/../lib/gcc/avr/4.3.3/../../../../avr/lib/avr51\libc.a(vfprintf_std.o)
 .data          0x00801161        0x0 d:/winavr-20100110/bin/../lib/gcc/avr/4.3.3/../../../../avr/lib/avr51\libc.a(strnlen_P.o)
 .data          0x00801161        0x0 d:/winavr-20100110/bin/../lib/gcc/avr/4.3.3/../../../../avr/lib/avr51\libc.a(strnlen.o)
 .data          0x00801161        0x0 d:/winavr-20100110/bin/../lib/gcc/avr/4.3.3/../../../../avr/lib/avr51\libc.a(fputc.o)
 .data          0x00801161        0x0 d:/winavr-20100110/bin/../lib/gcc/avr/4.3.3/../../../../avr/lib/avr51\libc.a(ultoa_invert.o)
 *(.data*)
 *(.rodata)
 *(.rodata*)
 *(.gnu.linkonce.d*)
                0x00801162                . = ALIGN (0x2)
 *fill*         0x00801161        0x1 00
                0x00801162                _edata = .
                0x00801162                PROVIDE (__data_end, .)

.bss            0x00801162     0x31bf
                0x00801162                PROVIDE (__bss_start, .)
 *(.bss)
 .bss           0x00801162        0x0 d:/winavr-20100110/bin/../lib/gcc/avr/4.3.3/../../../../avr/lib/avr51/crtm128.o
 .bss           0x00801162        0x2 main.o
 .bss           0x00801164        0x0 app/clock_sync.o
 .bss           0x00801164       0x1d app/dhcp_client.o
 .bss           0x00801181       0x30 app/httpd.o
 .bss           0x008011b1        0x0 app/httpd_modules.o
 .bss           0x008011b1        0x0 app/httpd_session.o
 .bss           0x008011b1        0x0 arch/spi.o
 .bss           0x008011b1        0x0 arch/uart.o
 .bss           0x008011b1        0x0 arch/xmem.o
 .bss           0x008011b1        0x0 mcp23sxx/mcp23s08.o
 .bss           0x008011b1        0x0 mcp23sxx/mcp23s17.o
 .bss           0x008011b1        0x0 mcp23sxx/mcp23sxx.o
 .bss           0x008011b1       0x2c net/arp.o
 .bss           0x008011dd        0x6 net/ethernet.o
 .bss           0x008011e3        0x0 net/icmp.o
 .bss           0x008011e3       0x10 net/ip.o
 .bss           0x008011f3        0x0 net/net.o
 .bss           0x008011f3       0x84 net/tcp.o
 .bss           0x00801277     0x225c net/tcp_queue.o
 .bss           0x008034d3       0x14 net/udp.o
 .bss           0x008034e7        0x0 sd/fat16.o
 .bss           0x008034e7        0x0 sd/partition.o
 .bss           0x008034e7        0x6 sd/sd.o
 .bss           0x008034ed      0x205 sd/sd_raw.o
 .bss           0x008036f2        0x4 sys/clock.o
 .bss           0x008036f6       0x31 sys/timer.o
 .bss           0x00803727        0x0 d:/winavr-20100110/bin/../lib/gcc/avr/4.3.3/avr51\libgcc.a(_mulsi3.o)
 .bss           0x00803727        0x0 d:/winavr-20100110/bin/../lib/gcc/avr/4.3.3/avr51\libgcc.a(_udivmodhi4.o)
 .bss           0x00803727        0x0 d:/winavr-20100110/bin/../lib/gcc/avr/4.3.3/avr51\libgcc.a(_divmodhi4.o)
 .bss           0x00803727        0x0 d:/winavr-20100110/bin/../lib/gcc/avr/4.3.3/avr51\libgcc.a(_udivmodsi4.o)
 .bss           0x00803727        0x0 d:/winavr-20100110/bin/../lib/gcc/avr/4.3.3/avr51\libgcc.a(_exit.o)
 .bss           0x00803727        0x0 d:/winavr-20100110/bin/../lib/gcc/avr/4.3.3/avr51\libgcc.a(_clear_bss.o)
 .bss           0x00803727        0x0 d:/winavr-20100110/bin/../lib/gcc/avr/4.3.3/../../../../avr/lib/avr51\libc.a(malloc.o)
 .bss           0x00803727        0x0 d:/winavr-20100110/bin/../lib/gcc/avr/4.3.3/../../../../avr/lib/avr51\libc.a(atol.o)
 .bss           0x00803727        0x0 d:/winavr-20100110/bin/../lib/gcc/avr/4.3.3/../../../../avr/lib/avr51\libc.a(strcmp_P.o)
 .bss           0x00803727        0x0 d:/winavr-20100110/bin/../lib/gcc/avr/4.3.3/../../../../avr/lib/avr51\libc.a(strlen_P.o)
 .bss           0x00803727        0x0 d:/winavr-20100110/bin/../lib/gcc/avr/4.3.3/../../../../avr/lib/avr51\libc.a(strncasecmp_P.o)
 .bss           0x00803727        0x0 d:/winavr-20100110/bin/../lib/gcc/avr/4.3.3/../../../../avr/lib/avr51\libc.a(strncmp_P.o)
 .bss           0x00803727        0x0 d:/winavr-20100110/bin/../lib/gcc/avr/4.3.3/../../../../avr/lib/avr51\libc.a(strncpy_P.o)
 .bss           0x00803727        0x0 d:/winavr-20100110/bin/../lib/gcc/avr/4.3.3/../../../../avr/lib/avr51\libc.a(memcmp.o)
 .bss           0x00803727        0x0 d:/winavr-20100110/bin/../lib/gcc/avr/4.3.3/../../../../avr/lib/avr51\libc.a(memcpy.o)
 .bss           0x00803727        0x0 d:/winavr-20100110/bin/../lib/gcc/avr/4.3.3/../../../../avr/lib/avr51\libc.a(memmove.o)
 .bss           0x00803727        0x0 d:/winavr-20100110/bin/../lib/gcc/avr/4.3.3/../../../../avr/lib/avr51\libc.a(memset.o)
 .bss           0x00803727        0x0 d:/winavr-20100110/bin/../lib/gcc/avr/4.3.3/../../../../avr/lib/avr51\libc.a(strchr.o)
 .bss           0x00803727        0x0 d:/winavr-20100110/bin/../lib/gcc/avr/4.3.3/../../../../avr/lib/avr51\libc.a(strcmp.o)
 .bss           0x00803727        0x0 d:/winavr-20100110/bin/../lib/gcc/avr/4.3.3/../../../../avr/lib/avr51\libc.a(strncmp.o)
 .bss           0x00803727        0x0 d:/winavr-20100110/bin/../lib/gcc/avr/4.3.3/../../../../avr/lib/avr51\libc.a(strncpy.o)
 .bss           0x00803727        0x0 d:/winavr-20100110/bin/../lib/gcc/avr/4.3.3/../../../../avr/lib/avr51\libc.a(strrchr.o)
 .bss           0x00803727        0x0 d:/winavr-20100110/bin/../lib/gcc/avr/4.3.3/../../../../avr/lib/avr51\libc.a(mulsi10.o)
 .bss           0x00803727        0x0 d:/winavr-20100110/bin/../lib/gcc/avr/4.3.3/../../../../avr/lib/avr51\libc.a(iob.o)
 .bss           0x00803727        0x0 d:/winavr-20100110/bin/../lib/gcc/avr/4.3.3/../../../../avr/lib/avr51\libc.a(printf_p.o)
 .bss           0x00803727        0x0 d:/winavr-20100110/bin/../lib/gcc/avr/4.3.3/../../../../avr/lib/avr51\libc.a(sprintf_p.o)
 .bss           0x00803727        0x0 d:/winavr-20100110/bin/../lib/gcc/avr/4.3.3/../../../../avr/lib/avr51\libc.a(vfprintf_std.o)
 .bss           0x00803727        0x0 d:/winavr-20100110/bin/../lib/gcc/avr/4.3.3/../../../../avr/lib/avr51\libc.a(strnlen_P.o)
 .bss           0x00803727        0x0 d:/winavr-20100110/bin/../lib/gcc/avr/4.3.3/../../../../avr/lib/avr51\libc.a(strnlen.o)
 .bss           0x00803727        0x0 d:/winavr-20100110/bin/../lib/gcc/avr/4.3.3/../../../../avr/lib/avr51\libc.a(fputc.o)
 .bss           0x00803727        0x0 d:/winavr-20100110/bin/../lib/gcc/avr/4.3.3/../../../../avr/lib/avr51\libc.a(ultoa_invert.o)
 *(.bss*)
 *(COMMON)
 COMMON         0x00803727       0x1c main.o
                0x00803727                outPut
                0x00803733                inPut
 COMMON         0x00803743      0xbd4 net/ethernet.o
                0x00803743                ethernet_rx_buffer
                0x00803d2d                ethernet_tx_buffer
 COMMON         0x00804317        0x4 d:/winavr-20100110/bin/../lib/gcc/avr/4.3.3/../../../../avr/lib/avr51\libc.a(malloc.o)
                0x00804317                __brkval
                0x00804319                __flp
 COMMON         0x0080431b        0x6 d:/winavr-20100110/bin/../lib/gcc/avr/4.3.3/../../../../avr/lib/avr51\libc.a(iob.o)
                0x0080431b                __iob
                0x00804321                PROVIDE (__bss_end, .)
                0x00009bfe                __data_load_start = LOADADDR (.data)
                0x00009c60                __data_load_end = (__data_load_start + SIZEOF (.data))

.noinit         0x00804321        0x0
                0x00804321                PROVIDE (__noinit_start, .)
 *(.noinit*)
                0x00804321                PROVIDE (__noinit_end, .)
                0x00804321                _end = .
                0x00804321                PROVIDE (__heap_start, .)

.eeprom         0x00810000        0x0
 *(.eeprom*)
                0x00810000                __eeprom_end = .

.fuse
 *(.fuse)
 *(.lfuse)
 *(.hfuse)
 *(.efuse)

.lock
 *(.lock*)

.signature
 *(.signature*)

.stab
 *(.stab)

.stabstr
 *(.stabstr)

.stab.excl
 *(.stab.excl)

.stab.exclstr
 *(.stab.exclstr)

.stab.index
 *(.stab.index)

.stab.indexstr
 *(.stab.indexstr)

.comment
 *(.comment)

.debug
 *(.debug)

.line
 *(.line)

.debug_srcinfo
 *(.debug_srcinfo)

.debug_sfnames
 *(.debug_sfnames)

.debug_aranges
 *(.debug_aranges)

.debug_pubnames
 *(.debug_pubnames)

.debug_info
 *(.debug_info)
 *(.gnu.linkonce.wi.*)

.debug_abbrev
 *(.debug_abbrev)

.debug_line
 *(.debug_line)

.debug_frame
 *(.debug_frame)

.debug_str
 *(.debug_str)

.debug_loc
 *(.debug_loc)

.debug_macinfo
 *(.debug_macinfo)
OUTPUT(mega-eth.out elf32-avr)
LOAD linker stubs
