Archive member included because of file (symbol)

c:/winavr-20100110/bin/../lib/gcc/avr/4.3.3/avr5\libgcc.a(_mulsi3.o)
                              pwm.o (__mulsi3)
c:/winavr-20100110/bin/../lib/gcc/avr/4.3.3/avr5\libgcc.a(_divmodhi4.o)
                              pid.o (__divmodhi4)
c:/winavr-20100110/bin/../lib/gcc/avr/4.3.3/avr5\libgcc.a(_udivmodsi4.o)
                              pwm.o (__udivmodsi4)
c:/winavr-20100110/bin/../lib/gcc/avr/4.3.3/avr5\libgcc.a(_divmodsi4.o)
                              pid.o (__divmodsi4)
c:/winavr-20100110/bin/../lib/gcc/avr/4.3.3/avr5\libgcc.a(_exit.o)
                              c:/winavr-20100110/bin/../lib/gcc/avr/4.3.3/../../../../avr/lib/avr5/crtm32.o (exit)
c:/winavr-20100110/bin/../lib/gcc/avr/4.3.3/avr5\libgcc.a(_copy_data.o)
                              main.o (__do_copy_data)
c:/winavr-20100110/bin/../lib/gcc/avr/4.3.3/avr5\libgcc.a(_clear_bss.o)
                              main.o (__do_clear_bss)
c:/winavr-20100110/bin/../lib/gcc/avr/4.3.3/avr5\libgcc.a(_udivmodhi4.o)
                              c:/winavr-20100110/bin/../lib/gcc/avr/4.3.3/avr5\libgcc.a(_divmodhi4.o) (__udivmodhi4)
c:/winavr-20100110/bin/../lib/gcc/avr/4.3.3/../../../../avr/lib/avr5\libc.a(memcpy.o)
                              mbfuncother.o (memcpy)
c:/winavr-20100110/bin/../lib/gcc/avr/4.3.3/../../../../avr/lib/avr5\libc.a(memset.o)
                              registers.o (memset)
c:/winavr-20100110/bin/../lib/gcc/avr/4.3.3/../../../../avr/lib/avr5\libc.a(eerd_block_atmega32.o)
                              eeprom.o (__eerd_block_m32)
c:/winavr-20100110/bin/../lib/gcc/avr/4.3.3/../../../../avr/lib/avr5\libc.a(eewr_block_atmega32.o)
                              eeprom.o (__eewr_block_m32)
c:/winavr-20100110/bin/../lib/gcc/avr/4.3.3/../../../../avr/lib/avr5\libc.a(eewr_byte_atmega32.o)
                              c:/winavr-20100110/bin/../lib/gcc/avr/4.3.3/../../../../avr/lib/avr5\libc.a(eewr_block_atmega32.o) (__eewr_r18_m32)

Allocating common symbols
Common symbol       size              file

uiRegHolding        0x28              main.o
pxMBFrameCBTransmitterEmpty
                    0x2               mb.o
pidCurrentData      0x12              main.o
pidSpeedData        0x12              main.o
pxMBPortCBTimerExpired
                    0x2               mb.o
inPort              0x20              main.o
registers           0x40              registers.o
ucRTUBuf            0x100             mbrtu.o
pxMBFrameCBByteReceived
                    0x2               mb.o
pxMBFrameCBTransmitFSMCur
                    0x2               mb.o
uiRegInputBuf       0x1e              main.o
arrADC              0x8               main.o
pxMBFrameCBReceiveFSMCur
                    0x2               mb.o
outPort             0x18              main.o
ucRegCoilsBuf       0x3               main.o

Memory Configuration

Name             Origin             Length             Attributes
text             0x00000000         0x00020000         xr
data             0x00800060         0x0000ffa0         rw !x
eeprom           0x00810000         0x00010000         rw !x
fuse             0x00820000         0x00000400         rw !x
lock             0x00830000         0x00000400         rw !x
signature        0x00840000         0x00000400         rw !x
*default*        0x00000000         0xffffffff

Linker script and memory map

LOAD c:/winavr-20100110/bin/../lib/gcc/avr/4.3.3/../../../../avr/lib/avr5/crtm32.o
LOAD main.o
LOAD pwm.o
LOAD registers.o
LOAD eeprom.o
LOAD pid.o
LOAD mb.o
LOAD portevent.o
LOAD portserial.o
LOAD porttimer.o
LOAD mbcrc.o
LOAD mbrtu.o
LOAD mbfunccoils.o
LOAD mbfuncdiag.o
LOAD mbfuncdisc.o
LOAD mbfuncholding.o
LOAD mbfuncinput.o
LOAD mbfuncother.o
LOAD mbutils.o
LOAD current_loop.o
LOAD c:/winavr-20100110/bin/../lib/gcc/avr/4.3.3/avr5\libgcc.a
LOAD c:/winavr-20100110/bin/../lib/gcc/avr/4.3.3/../../../../avr/lib/avr5\libc.a
LOAD c:/winavr-20100110/bin/../lib/gcc/avr/4.3.3/avr5\libgcc.a

.hash
 *(.hash)

.dynsym
 *(.dynsym)

.dynstr
 *(.dynstr)

.gnu.version
 *(.gnu.version)

.gnu.version_d
 *(.gnu.version_d)

.gnu.version_r
 *(.gnu.version_r)

.rel.init
 *(.rel.init)

.rela.init
 *(.rela.init)

.rel.text
 *(.rel.text)
 *(.rel.text.*)
 *(.rel.gnu.linkonce.t*)

.rela.text
 *(.rela.text)
 *(.rela.text.*)
 *(.rela.gnu.linkonce.t*)

.rel.fini
 *(.rel.fini)

.rela.fini
 *(.rela.fini)

.rel.rodata
 *(.rel.rodata)
 *(.rel.rodata.*)
 *(.rel.gnu.linkonce.r*)

.rela.rodata
 *(.rela.rodata)
 *(.rela.rodata.*)
 *(.rela.gnu.linkonce.r*)

.rel.data
 *(.rel.data)
 *(.rel.data.*)
 *(.rel.gnu.linkonce.d*)

.rela.data
 *(.rela.data)
 *(.rela.data.*)
 *(.rela.gnu.linkonce.d*)

.rel.ctors
 *(.rel.ctors)

.rela.ctors
 *(.rela.ctors)

.rel.dtors
 *(.rel.dtors)

.rela.dtors
 *(.rela.dtors)

.rel.got
 *(.rel.got)

.rela.got
 *(.rela.got)

.rel.bss
 *(.rel.bss)

.rela.bss
 *(.rela.bss)

.rel.plt
 *(.rel.plt)

.rela.plt
 *(.rela.plt)

.text           0x00000000     0x2282
 *(.vectors)
 .vectors       0x00000000       0x54 c:/winavr-20100110/bin/../lib/gcc/avr/4.3.3/../../../../avr/lib/avr5/crtm32.o
                0x00000000                __vectors
                0x00000000                __vector_default
 *(.vectors)
 *(.progmem.gcc*)
 *(.progmem*)
 .progmem.data  0x00000054      0x200 mbcrc.o
                0x00000054                aucCRCHi
                0x00000154                aucCRCLo
                0x00000254                . = ALIGN (0x2)
                0x00000254                __trampolines_start = .
 *(.trampolines)
 .trampolines   0x00000254        0x0 linker stubs
 *(.trampolines*)
                0x00000254                __trampolines_end = .
 *(.jumptables)
 *(.jumptables*)
 *(.lowtext)
 *(.lowtext*)
                0x00000254                __ctors_start = .
 *(.ctors)
                0x00000254                __ctors_end = .
                0x00000254                __dtors_start = .
 *(.dtors)
                0x00000254                __dtors_end = .
 SORT(*)(.ctors)
 SORT(*)(.dtors)
 *(.init0)
 .init0         0x00000254        0x0 c:/winavr-20100110/bin/../lib/gcc/avr/4.3.3/../../../../avr/lib/avr5/crtm32.o
                0x00000254                __init
 *(.init0)
 *(.init1)
 *(.init1)
 *(.init2)
 .init2         0x00000254        0xc c:/winavr-20100110/bin/../lib/gcc/avr/4.3.3/../../../../avr/lib/avr5/crtm32.o
 *(.init2)
 *(.init3)
 *(.init3)
 *(.init4)
 .init4         0x00000260       0x16 c:/winavr-20100110/bin/../lib/gcc/avr/4.3.3/avr5\libgcc.a(_copy_data.o)
                0x00000260                __do_copy_data
 .init4         0x00000276       0x10 c:/winavr-20100110/bin/../lib/gcc/avr/4.3.3/avr5\libgcc.a(_clear_bss.o)
                0x00000276                __do_clear_bss
 *(.init4)
 *(.init5)
 *(.init5)
 *(.init6)
 *(.init6)
 *(.init7)
 *(.init7)
 *(.init8)
 *(.init8)
 *(.init9)
 .init9         0x00000286        0x8 c:/winavr-20100110/bin/../lib/gcc/avr/4.3.3/../../../../avr/lib/avr5/crtm32.o
 *(.init9)
 *(.text)
 .text          0x0000028e        0x4 c:/winavr-20100110/bin/../lib/gcc/avr/4.3.3/../../../../avr/lib/avr5/crtm32.o
                0x0000028e                __vector_12
                0x0000028e                __bad_interrupt
                0x0000028e                __vector_6
                0x0000028e                __vector_3
                0x0000028e                __vector_17
                0x0000028e                __vector_19
                0x0000028e                __vector_7
                0x0000028e                __vector_4
                0x0000028e                __vector_9
                0x0000028e                __vector_8
                0x0000028e                __vector_10
                0x0000028e                __vector_20
 .text          0x00000292      0x920 main.o
                0x000002b4                __vector_1
                0x0000080e                Set_Input_Current
                0x000003c2                arrToDiscBuff
                0x0000068a                eMBRegDiscreteCB
                0x00000292                __vector_11
                0x00000842                main
                0x000002c8                __vector_2
                0x0000044c                pidInit
                0x00000378                eMBRegInputCB
                0x000004f8                eMBRegHoldingCB
                0x000002dc                __vector_16
                0x000007b0                __vector_18
                0x0000071a                eMBRegCoilsCB
 .text          0x00000bb2      0x164 pwm.o
                0x00000bb2                pwm_dir_a
                0x00000cc6                pwm_init
                0x00000cb8                pwm_registers_defaults
                0x00000c26                pwm_dir_b
                0x00000c9a                pwm_stop
 .text          0x00000d16       0x92 registers.o
                0x00000d16                registers_read_word
                0x00000d54                registers_defaults
                0x00000d60                registers_init
                0x00000d3a                registers_write_word
 .text          0x00000da8      0x12c eeprom.o
                0x00000e5c                eeprom_erase
                0x00000e02                eeprom_restore_registers
                0x00000da8                eeprom_save_registers
 .text          0x00000ed4      0x1fe pid.o
                0x00000ed4                pid_Init
                0x00000f2a                pid_Controller
                0x000010c6                pid_Reset_Integrator
 .text          0x000010d2      0x2ba mb.o
                0x0000119e                eMBDisable
                0x0000115e                eMBClose
                0x000011c6                eMBPoll
                0x00001180                eMBEnable
                0x000010d2                eMBRegisterCB
                0x000012dc                eMBInit
 .text          0x0000138c       0x42 portevent.o
                0x0000138c                xMBPortEventInit
                0x000013a2                xMBPortEventGet
                0x00001394                xMBPortEventPost
                0x000013ba                xMBPortEventRead
 .text          0x000013ce      0x2c2 portserial.o
                0x000013ce                vMBPortSerialEnable
                0x000015d6                xMBPortSerialGetByte
                0x000013f0                xMBPortSerialInit
                0x000015f4                __vector_13
                0x000015e0                __vector_15
                0x000015d0                xMBPortSerialPutByte
                0x00001642                __vector_14
 .text          0x00001690       0x8c porttimer.o
                0x000016ca                __vector_5
                0x000016b6                xMBPortTimersInit
                0x000016a0                vMBPortTimersDisable
                0x00001690                vMBPortTimersEnable
 .text          0x0000171c       0x3e mbcrc.o
                0x0000171c                usMBCRC16
 .text          0x0000175a      0x2d4 mbrtu.o
                0x000018a2                eMBRTUStart
                0x000019bc                eMBRTUInit
                0x0000179a                xMBRTUTransmitFSM
                0x00001810                xMBRTUReceiveFSM
                0x000018b8                eMBRTUSend
                0x0000175a                xMBRTUTimerT35Expired
                0x00001952                eMBRTUReceive
                0x00001788                eMBRTUStop
 .text          0x00001a2e      0x1b2 mbfunccoils.o
                0x00001ab6                eMBFuncWriteCoil
                0x00001b30                eMBFuncReadCoils
                0x00001a2e                eMBFuncWriteMultipleCoils
 .text          0x00001be0        0x0 mbfuncdiag.o
 .text          0x00001be0       0xae mbfuncdisc.o
                0x00001be0                eMBFuncReadDiscreteInputs
 .text          0x00001c8e      0x25c mbfuncholding.o
                0x00001daa                eMBFuncReadHoldingRegister
                0x00001eaa                eMBFuncWriteHoldingRegister
                0x00001e3a                eMBFuncWriteMultipleHoldingRegister
                0x00001c8e                eMBFuncReadWriteMultipleHoldingRegister
 .text          0x00001eea       0x98 mbfuncinput.o
                0x00001eea                eMBFuncReadInputRegister
 .text          0x00001f82       0x98 mbfuncother.o
                0x00001fba                eMBSetSlaveID
                0x00001f82                eMBFuncReportSlaveID
 .text          0x0000201a       0xe0 mbutils.o
                0x0000208e                xMBUtilGetBits
                0x0000201a                xMBUtilSetBits
                0x000020dc                prveMBError2Exception
 .text          0x000020fa       0x10 current_loop.o
                0x000020fa                current_loop_update
 .text          0x0000210a        0x0 c:/winavr-20100110/bin/../lib/gcc/avr/4.3.3/avr5\libgcc.a(_mulsi3.o)
 .text          0x0000210a        0x0 c:/winavr-20100110/bin/../lib/gcc/avr/4.3.3/avr5\libgcc.a(_divmodhi4.o)
 .text          0x0000210a        0x0 c:/winavr-20100110/bin/../lib/gcc/avr/4.3.3/avr5\libgcc.a(_udivmodsi4.o)
 .text          0x0000210a        0x0 c:/winavr-20100110/bin/../lib/gcc/avr/4.3.3/avr5\libgcc.a(_divmodsi4.o)
 .text          0x0000210a        0x0 c:/winavr-20100110/bin/../lib/gcc/avr/4.3.3/avr5\libgcc.a(_exit.o)
 .text          0x0000210a        0x0 c:/winavr-20100110/bin/../lib/gcc/avr/4.3.3/avr5\libgcc.a(_copy_data.o)
 .text          0x0000210a        0x0 c:/winavr-20100110/bin/../lib/gcc/avr/4.3.3/avr5\libgcc.a(_clear_bss.o)
 .text          0x0000210a        0x0 c:/winavr-20100110/bin/../lib/gcc/avr/4.3.3/avr5\libgcc.a(_udivmodhi4.o)
 .text          0x0000210a        0x0 c:/winavr-20100110/bin/../lib/gcc/avr/4.3.3/../../../../avr/lib/avr5\libc.a(memcpy.o)
 .text          0x0000210a        0x0 c:/winavr-20100110/bin/../lib/gcc/avr/4.3.3/../../../../avr/lib/avr5\libc.a(memset.o)
 .text          0x0000210a        0x0 c:/winavr-20100110/bin/../lib/gcc/avr/4.3.3/../../../../avr/lib/avr5\libc.a(eerd_block_atmega32.o)
 .text          0x0000210a        0x0 c:/winavr-20100110/bin/../lib/gcc/avr/4.3.3/../../../../avr/lib/avr5\libc.a(eewr_block_atmega32.o)
 .text          0x0000210a        0x0 c:/winavr-20100110/bin/../lib/gcc/avr/4.3.3/../../../../avr/lib/avr5\libc.a(eewr_byte_atmega32.o)
                0x0000210a                . = ALIGN (0x2)
 *(.text.*)
 .text.libgcc   0x0000210a       0x3e c:/winavr-20100110/bin/../lib/gcc/avr/4.3.3/avr5\libgcc.a(_mulsi3.o)
                0x0000210a                __mulsi3
 .text.libgcc   0x00002148       0x26 c:/winavr-20100110/bin/../lib/gcc/avr/4.3.3/avr5\libgcc.a(_divmodhi4.o)
                0x00002148                __divmodhi4
                0x00002148                _div
 .text.libgcc   0x0000216e       0x44 c:/winavr-20100110/bin/../lib/gcc/avr/4.3.3/avr5\libgcc.a(_udivmodsi4.o)
                0x0000216e                __udivmodsi4
 .text.libgcc   0x000021b2       0x36 c:/winavr-20100110/bin/../lib/gcc/avr/4.3.3/avr5\libgcc.a(_divmodsi4.o)
                0x000021b2                __divmodsi4
 .text.libgcc   0x000021e8        0x0 c:/winavr-20100110/bin/../lib/gcc/avr/4.3.3/avr5\libgcc.a(_exit.o)
 .text.libgcc   0x000021e8        0x0 c:/winavr-20100110/bin/../lib/gcc/avr/4.3.3/avr5\libgcc.a(_copy_data.o)
 .text.libgcc   0x000021e8        0x0 c:/winavr-20100110/bin/../lib/gcc/avr/4.3.3/avr5\libgcc.a(_clear_bss.o)
 .text.libgcc   0x000021e8       0x28 c:/winavr-20100110/bin/../lib/gcc/avr/4.3.3/avr5\libgcc.a(_udivmodhi4.o)
                0x000021e8                __udivmodhi4
 .text.avr-libc
                0x00002210       0x12 c:/winavr-20100110/bin/../lib/gcc/avr/4.3.3/../../../../avr/lib/avr5\libc.a(memcpy.o)
                0x00002210                memcpy
 .text.avr-libc
                0x00002222        0xe c:/winavr-20100110/bin/../lib/gcc/avr/4.3.3/../../../../avr/lib/avr5\libc.a(memset.o)
                0x00002222                memset
 .text.avr-libc
                0x00002230       0x20 c:/winavr-20100110/bin/../lib/gcc/avr/4.3.3/../../../../avr/lib/avr5\libc.a(eerd_block_atmega32.o)
                0x00002234                __eerd_blraw_m32
                0x00002230                __eerd_block_m32
 .text.avr-libc
                0x00002250       0x14 c:/winavr-20100110/bin/../lib/gcc/avr/4.3.3/../../../../avr/lib/avr5\libc.a(eewr_block_atmega32.o)
                0x00002250                __eewr_block_m32
 .text.avr-libc
                0x00002264       0x1a c:/winavr-20100110/bin/../lib/gcc/avr/4.3.3/../../../../avr/lib/avr5\libc.a(eewr_byte_atmega32.o)
                0x00002266                __eewr_r18_m32
                0x00002264                __eewr_byte_m32
                0x0000227e                . = ALIGN (0x2)
 *(.fini9)
 .fini9         0x0000227e        0x0 c:/winavr-20100110/bin/../lib/gcc/avr/4.3.3/avr5\libgcc.a(_exit.o)
                0x0000227e                exit
                0x0000227e                _exit
 *(.fini9)
 *(.fini8)
 *(.fini8)
 *(.fini7)
 *(.fini7)
 *(.fini6)
 *(.fini6)
 *(.fini5)
 *(.fini5)
 *(.fini4)
 *(.fini4)
 *(.fini3)
 *(.fini3)
 *(.fini2)
 *(.fini2)
 *(.fini1)
 *(.fini1)
 *(.fini0)
 .fini0         0x0000227e        0x4 c:/winavr-20100110/bin/../lib/gcc/avr/4.3.3/avr5\libgcc.a(_exit.o)
 *(.fini0)
                0x00002282                _etext = .

.data           0x00800060       0x36 load address 0x00002282
                0x00800060                PROVIDE (__data_start, .)
 *(.data)
 .data          0x00800060        0x0 c:/winavr-20100110/bin/../lib/gcc/avr/4.3.3/../../../../avr/lib/avr5/crtm32.o
 .data          0x00800060        0x5 main.o
                0x00800060                ucSlaveID
                0x00800061                ucReady
 .data          0x00800065        0x0 pwm.o
 .data          0x00800065        0x0 registers.o
 .data          0x00800065        0x0 eeprom.o
 .data          0x00800065        0x0 pid.o
 .data          0x00800065       0x31 mb.o
 .data          0x00800096        0x0 portevent.o
 .data          0x00800096        0x0 portserial.o
 .data          0x00800096        0x0 porttimer.o
 .data          0x00800096        0x0 mbcrc.o
 .data          0x00800096        0x0 mbrtu.o
 .data          0x00800096        0x0 mbfunccoils.o
 .data          0x00800096        0x0 mbfuncdiag.o
 .data          0x00800096        0x0 mbfuncdisc.o
 .data          0x00800096        0x0 mbfuncholding.o
 .data          0x00800096        0x0 mbfuncinput.o
 .data          0x00800096        0x0 mbfuncother.o
 .data          0x00800096        0x0 mbutils.o
 .data          0x00800096        0x0 current_loop.o
 .data          0x00800096        0x0 c:/winavr-20100110/bin/../lib/gcc/avr/4.3.3/avr5\libgcc.a(_mulsi3.o)
 .data          0x00800096        0x0 c:/winavr-20100110/bin/../lib/gcc/avr/4.3.3/avr5\libgcc.a(_divmodhi4.o)
 .data          0x00800096        0x0 c:/winavr-20100110/bin/../lib/gcc/avr/4.3.3/avr5\libgcc.a(_udivmodsi4.o)
 .data          0x00800096        0x0 c:/winavr-20100110/bin/../lib/gcc/avr/4.3.3/avr5\libgcc.a(_divmodsi4.o)
 .data          0x00800096        0x0 c:/winavr-20100110/bin/../lib/gcc/avr/4.3.3/avr5\libgcc.a(_exit.o)
 .data          0x00800096        0x0 c:/winavr-20100110/bin/../lib/gcc/avr/4.3.3/avr5\libgcc.a(_copy_data.o)
 .data          0x00800096        0x0 c:/winavr-20100110/bin/../lib/gcc/avr/4.3.3/avr5\libgcc.a(_clear_bss.o)
 .data          0x00800096        0x0 c:/winavr-20100110/bin/../lib/gcc/avr/4.3.3/avr5\libgcc.a(_udivmodhi4.o)
 .data          0x00800096        0x0 c:/winavr-20100110/bin/../lib/gcc/avr/4.3.3/../../../../avr/lib/avr5\libc.a(memcpy.o)
 .data          0x00800096        0x0 c:/winavr-20100110/bin/../lib/gcc/avr/4.3.3/../../../../avr/lib/avr5\libc.a(memset.o)
 .data          0x00800096        0x0 c:/winavr-20100110/bin/../lib/gcc/avr/4.3.3/../../../../avr/lib/avr5\libc.a(eerd_block_atmega32.o)
 .data          0x00800096        0x0 c:/winavr-20100110/bin/../lib/gcc/avr/4.3.3/../../../../avr/lib/avr5\libc.a(eewr_block_atmega32.o)
 .data          0x00800096        0x0 c:/winavr-20100110/bin/../lib/gcc/avr/4.3.3/../../../../avr/lib/avr5\libc.a(eewr_byte_atmega32.o)
 *(.data*)
 *(.rodata)
 *(.rodata*)
 *(.gnu.linkonce.d*)
                0x00800096                . = ALIGN (0x2)
                0x00800096                _edata = .
                0x00800096                PROVIDE (__data_end, .)

.bss            0x00800096      0x259
                0x00800096                PROVIDE (__bss_start, .)
 *(.bss)
 .bss           0x00800096        0x0 c:/winavr-20100110/bin/../lib/gcc/avr/4.3.3/../../../../avr/lib/avr5/crtm32.o
 .bss           0x00800096       0x1f main.o
                0x008000ab                ucRegDiscBuf
                0x008000a5                CurrentFB
                0x008000b3                ucFB
                0x0080009f                SpeedFB
                0x008000b1                ucACmpOverCurrent
                0x0080009d                SpeedSP
                0x00800097                gFlagsCurrentPid
                0x008000a1                SpeedPidOut
                0x00800099                gFlagsSpeedPid
                0x008000b2                mbFB
                0x008000a7                CurrentPidOut
                0x008000a3                CurrentSP
                0x0080009b                iPWM
                0x008000a9                CurrentLimitSP
                0x008000b0                ucEMS
                0x00800096                adcFlag
                0x008000af                ucOn
 .bss           0x008000b5        0x4 pwm.o
 .bss           0x008000b9        0x0 registers.o
 .bss           0x008000b9        0x0 eeprom.o
 .bss           0x008000b9        0x0 pid.o
 .bss           0x008000b9       0x13 mb.o
 .bss           0x008000cc        0x2 portevent.o
 .bss           0x008000ce        0x0 portserial.o
 .bss           0x008000ce        0x0 porttimer.o
 .bss           0x008000ce        0x0 mbcrc.o
 .bss           0x008000ce        0x8 mbrtu.o
 .bss           0x008000d6        0x0 mbfunccoils.o
 .bss           0x008000d6        0x0 mbfuncdiag.o
 .bss           0x008000d6        0x0 mbfuncdisc.o
 .bss           0x008000d6        0x0 mbfuncholding.o
 .bss           0x008000d6        0x0 mbfuncinput.o
 .bss           0x008000d6       0x22 mbfuncother.o
 .bss           0x008000f8        0x0 mbutils.o
 .bss           0x008000f8        0x0 current_loop.o
 .bss           0x008000f8        0x0 c:/winavr-20100110/bin/../lib/gcc/avr/4.3.3/avr5\libgcc.a(_mulsi3.o)
 .bss           0x008000f8        0x0 c:/winavr-20100110/bin/../lib/gcc/avr/4.3.3/avr5\libgcc.a(_divmodhi4.o)
 .bss           0x008000f8        0x0 c:/winavr-20100110/bin/../lib/gcc/avr/4.3.3/avr5\libgcc.a(_udivmodsi4.o)
 .bss           0x008000f8        0x0 c:/winavr-20100110/bin/../lib/gcc/avr/4.3.3/avr5\libgcc.a(_divmodsi4.o)
 .bss           0x008000f8        0x0 c:/winavr-20100110/bin/../lib/gcc/avr/4.3.3/avr5\libgcc.a(_exit.o)
 .bss           0x008000f8        0x0 c:/winavr-20100110/bin/../lib/gcc/avr/4.3.3/avr5\libgcc.a(_copy_data.o)
 .bss           0x008000f8        0x0 c:/winavr-20100110/bin/../lib/gcc/avr/4.3.3/avr5\libgcc.a(_clear_bss.o)
 .bss           0x008000f8        0x0 c:/winavr-20100110/bin/../lib/gcc/avr/4.3.3/avr5\libgcc.a(_udivmodhi4.o)
 .bss           0x008000f8        0x0 c:/winavr-20100110/bin/../lib/gcc/avr/4.3.3/../../../../avr/lib/avr5\libc.a(memcpy.o)
 .bss           0x008000f8        0x0 c:/winavr-20100110/bin/../lib/gcc/avr/4.3.3/../../../../avr/lib/avr5\libc.a(memset.o)
 .bss           0x008000f8        0x0 c:/winavr-20100110/bin/../lib/gcc/avr/4.3.3/../../../../avr/lib/avr5\libc.a(eerd_block_atmega32.o)
 .bss           0x008000f8        0x0 c:/winavr-20100110/bin/../lib/gcc/avr/4.3.3/../../../../avr/lib/avr5\libc.a(eewr_block_atmega32.o)
 .bss           0x008000f8        0x0 c:/winavr-20100110/bin/../lib/gcc/avr/4.3.3/../../../../avr/lib/avr5\libc.a(eewr_byte_atmega32.o)
 *(.bss*)
 *(COMMON)
 COMMON         0x008000f8       0xad main.o
                0x008000f8                uiRegHolding
                0x00800120                pidCurrentData
                0x00800132                pidSpeedData
                0x00800144                inPort
                0x00800164                uiRegInputBuf
                0x00800182                arrADC
                0x0080018a                outPort
                0x008001a2                ucRegCoilsBuf
 COMMON         0x008001a5       0x40 registers.o
                0x008001a5                registers
 COMMON         0x008001e5        0xa mb.o
                0x008001e5                pxMBFrameCBTransmitterEmpty
                0x008001e7                pxMBPortCBTimerExpired
                0x008001e9                pxMBFrameCBByteReceived
                0x008001eb                pxMBFrameCBTransmitFSMCur
                0x008001ed                pxMBFrameCBReceiveFSMCur
 COMMON         0x008001ef      0x100 mbrtu.o
                0x008001ef                ucRTUBuf
                0x008002ef                PROVIDE (__bss_end, .)
                0x00002282                __data_load_start = LOADADDR (.data)
                0x000022b8                __data_load_end = (__data_load_start + SIZEOF (.data))

.noinit         0x008002ef        0x0
                0x008002ef                PROVIDE (__noinit_start, .)
 *(.noinit*)
                0x008002ef                PROVIDE (__noinit_end, .)
                0x008002ef                _end = .
                0x008002ef                PROVIDE (__heap_start, .)

.eeprom         0x00810000        0x0
 *(.eeprom*)
                0x00810000                __eeprom_end = .

.fuse
 *(.fuse)
 *(.lfuse)
 *(.hfuse)
 *(.efuse)

.lock
 *(.lock*)

.signature
 *(.signature*)

.stab
 *(.stab)

.stabstr
 *(.stabstr)

.stab.excl
 *(.stab.excl)

.stab.exclstr
 *(.stab.exclstr)

.stab.index
 *(.stab.index)

.stab.indexstr
 *(.stab.indexstr)

.comment
 *(.comment)

.debug
 *(.debug)

.line
 *(.line)

.debug_srcinfo
 *(.debug_srcinfo)

.debug_sfnames
 *(.debug_sfnames)

.debug_aranges  0x00000000      0x240
 *(.debug_aranges)
 .debug_aranges
                0x00000000       0x20 main.o
 .debug_aranges
                0x00000020       0x20 pwm.o
 .debug_aranges
                0x00000040       0x20 registers.o
 .debug_aranges
                0x00000060       0x20 eeprom.o
 .debug_aranges
                0x00000080       0x20 pid.o
 .debug_aranges
                0x000000a0       0x20 mb.o
 .debug_aranges
                0x000000c0       0x20 portevent.o
 .debug_aranges
                0x000000e0       0x20 portserial.o
 .debug_aranges
                0x00000100       0x20 porttimer.o
 .debug_aranges
                0x00000120       0x20 mbcrc.o
 .debug_aranges
                0x00000140       0x20 mbrtu.o
 .debug_aranges
                0x00000160       0x20 mbfunccoils.o
 .debug_aranges
                0x00000180       0x20 mbfuncdisc.o
 .debug_aranges
                0x000001a0       0x20 mbfuncholding.o
 .debug_aranges
                0x000001c0       0x20 mbfuncinput.o
 .debug_aranges
                0x000001e0       0x20 mbfuncother.o
 .debug_aranges
                0x00000200       0x20 mbutils.o
 .debug_aranges
                0x00000220       0x20 current_loop.o

.debug_pubnames
                0x00000000      0x95f
 *(.debug_pubnames)
 .debug_pubnames
                0x00000000      0x271 main.o
 .debug_pubnames
                0x00000271       0x63 pwm.o
 .debug_pubnames
                0x000002d4       0x7b registers.o
 .debug_pubnames
                0x0000034f       0x5a eeprom.o
 .debug_pubnames
                0x000003a9       0x4b pid.o
 .debug_pubnames
                0x000003f4       0xf8 mb.o
 .debug_pubnames
                0x000004ec       0x65 portevent.o
 .debug_pubnames
                0x00000551       0xa2 portserial.o
 .debug_pubnames
                0x000005f3       0x68 porttimer.o
 .debug_pubnames
                0x0000065b       0x3a mbcrc.o
 .debug_pubnames
                0x00000695       0xb3 mbrtu.o
 .debug_pubnames
                0x00000748       0x5a mbfunccoils.o
 .debug_pubnames
                0x000007a2       0x30 mbfuncdisc.o
 .debug_pubnames
                0x000007d2       0xa5 mbfuncholding.o
 .debug_pubnames
                0x00000877       0x2f mbfuncinput.o
 .debug_pubnames
                0x000008a6       0x3d mbfuncother.o
 .debug_pubnames
                0x000008e3       0x52 mbutils.o
 .debug_pubnames
                0x00000935       0x2a current_loop.o

.debug_info     0x00000000     0x3115
 *(.debug_info)
 .debug_info    0x00000000      0x9ac main.o
 .debug_info    0x000009ac      0x1da pwm.o
 .debug_info    0x00000b86      0x222 registers.o
 .debug_info    0x00000da8      0x1da eeprom.o
 .debug_info    0x00000f82      0x216 pid.o
 .debug_info    0x00001198      0x5c7 mb.o
 .debug_info    0x0000175f      0x17d portevent.o
 .debug_info    0x000018dc      0x23c portserial.o
 .debug_info    0x00001b18      0x10a porttimer.o
 .debug_info    0x00001c22      0x1c3 mbcrc.o
 .debug_info    0x00001de5      0x42a mbrtu.o
 .debug_info    0x0000220f      0x2e9 mbfunccoils.o
 .debug_info    0x000024f8        0x0 mbfuncdiag.o
 .debug_info    0x000024f8      0x1b6 mbfuncdisc.o
 .debug_info    0x000026ae      0x359 mbfuncholding.o
 .debug_info    0x00002a07      0x1a7 mbfuncinput.o
 .debug_info    0x00002bae      0x217 mbfuncother.o
 .debug_info    0x00002dc5      0x27a mbutils.o
 .debug_info    0x0000303f       0xd6 current_loop.o
 *(.gnu.linkonce.wi.*)

.debug_abbrev   0x00000000     0x1113
 *(.debug_abbrev)
 .debug_abbrev  0x00000000      0x23b main.o
 .debug_abbrev  0x0000023b      0x122 pwm.o
 .debug_abbrev  0x0000035d      0x121 registers.o
 .debug_abbrev  0x0000047e       0xff eeprom.o
 .debug_abbrev  0x0000057d       0xec pid.o
 .debug_abbrev  0x00000669      0x17e mb.o
 .debug_abbrev  0x000007e7       0xb3 portevent.o
 .debug_abbrev  0x0000089a       0xe2 portserial.o
 .debug_abbrev  0x0000097c       0x97 porttimer.o
 .debug_abbrev  0x00000a13       0xda mbcrc.o
 .debug_abbrev  0x00000aed      0x120 mbrtu.o
 .debug_abbrev  0x00000c0d       0xdb mbfunccoils.o
 .debug_abbrev  0x00000ce8        0x1 mbfuncdiag.o
 .debug_abbrev  0x00000ce9       0x98 mbfuncdisc.o
 .debug_abbrev  0x00000d81       0xb1 mbfuncholding.o
 .debug_abbrev  0x00000e32       0x98 mbfuncinput.o
 .debug_abbrev  0x00000eca       0xbe mbfuncother.o
 .debug_abbrev  0x00000f88       0xe6 mbutils.o
 .debug_abbrev  0x0000106e       0xa5 current_loop.o

.debug_line     0x00000000     0x2809
 *(.debug_line)
 .debug_line    0x00000000      0x7e1 main.o
 .debug_line    0x000007e1      0x2a7 pwm.o
 .debug_line    0x00000a88      0x15c registers.o
 .debug_line    0x00000be4      0x198 eeprom.o
 .debug_line    0x00000d7c      0x174 pid.o
 .debug_line    0x00000ef0      0x314 mb.o
 .debug_line    0x00001204      0x14c portevent.o
 .debug_line    0x00001350      0x238 portserial.o
 .debug_line    0x00001588      0x151 porttimer.o
 .debug_line    0x000016d9      0x14e mbcrc.o
 .debug_line    0x00001827      0x332 mbrtu.o
 .debug_line    0x00001b59      0x2a7 mbfunccoils.o
 .debug_line    0x00001e00       0x24 mbfuncdiag.o
 .debug_line    0x00001e24      0x194 mbfuncdisc.o
 .debug_line    0x00001fb8      0x335 mbfuncholding.o
 .debug_line    0x000022ed      0x17d mbfuncinput.o
 .debug_line    0x0000246a      0x145 mbfuncother.o
 .debug_line    0x000025af      0x17f mbutils.o
 .debug_line    0x0000272e       0xdb current_loop.o

.debug_frame    0x00000000      0x5b0
 *(.debug_frame)
 .debug_frame   0x00000000       0xe0 main.o
 .debug_frame   0x000000e0       0x60 pwm.o
 .debug_frame   0x00000140       0x50 registers.o
 .debug_frame   0x00000190       0x40 eeprom.o
 .debug_frame   0x000001d0       0x40 pid.o
 .debug_frame   0x00000210       0x70 mb.o
 .debug_frame   0x00000280       0x50 portevent.o
 .debug_frame   0x000002d0       0x80 portserial.o
 .debug_frame   0x00000350       0x50 porttimer.o
 .debug_frame   0x000003a0       0x20 mbcrc.o
 .debug_frame   0x000003c0       0x90 mbrtu.o
 .debug_frame   0x00000450       0x40 mbfunccoils.o
 .debug_frame   0x00000490       0x20 mbfuncdisc.o
 .debug_frame   0x000004b0       0x50 mbfuncholding.o
 .debug_frame   0x00000500       0x20 mbfuncinput.o
 .debug_frame   0x00000520       0x30 mbfuncother.o
 .debug_frame   0x00000550       0x40 mbutils.o
 .debug_frame   0x00000590       0x20 current_loop.o

.debug_str      0x00000000     0x120b
 *(.debug_str)
 .debug_str     0x00000000      0x467 main.o
                                0x4ba (size before relaxing)
 .debug_str     0x00000467       0x83 pwm.o
                                0x12b (size before relaxing)
 .debug_str     0x000004ea       0x6c registers.o
                                0x14a (size before relaxing)
 .debug_str     0x00000556       0x7c eeprom.o
                                0x124 (size before relaxing)
 .debug_str     0x000005d2       0x8e pid.o
                                0x17f (size before relaxing)
 .debug_str     0x00000660      0x39c mb.o
                                0x52b (size before relaxing)
 .debug_str     0x000009fc       0x8c portevent.o
                                0x188 (size before relaxing)
 .debug_str     0x00000a88       0xd5 portserial.o
                                0x21e (size before relaxing)
 .debug_str     0x00000b5d       0x78 porttimer.o
                                0x14a (size before relaxing)
 .debug_str     0x00000bd5       0x82 mbcrc.o
                                0x15f (size before relaxing)
 .debug_str     0x00000c57      0x1a7 mbrtu.o
                                0x37b (size before relaxing)
 .debug_str     0x00000dfe       0xd0 mbfunccoils.o
                                0x30c (size before relaxing)
 .debug_str     0x00000ece       0x54 mbfuncdisc.o
                                0x2a4 (size before relaxing)
 .debug_str     0x00000f22      0x122 mbfuncholding.o
                                0x382 (size before relaxing)
 .debug_str     0x00001044       0x46 mbfuncinput.o
                                0x298 (size before relaxing)
 .debug_str     0x0000108a       0x94 mbfuncother.o
                                0x2c6 (size before relaxing)
 .debug_str     0x0000111e       0xb3 mbutils.o
                                0x2d3 (size before relaxing)
 .debug_str     0x000011d1       0x3a current_loop.o
                                 0xe1 (size before relaxing)

.debug_loc      0x00000000     0x1c28
 *(.debug_loc)
 .debug_loc     0x00000000      0x4b8 main.o
 .debug_loc     0x000004b8       0xae pwm.o
 .debug_loc     0x00000566       0x26 registers.o
 .debug_loc     0x0000058c       0x43 eeprom.o
 .debug_loc     0x000005cf      0x208 pid.o
 .debug_loc     0x000007d7      0x2a2 mb.o
 .debug_loc     0x00000a79       0x76 portevent.o
 .debug_loc     0x00000aef      0x1ed portserial.o
 .debug_loc     0x00000cdc       0x18 porttimer.o
 .debug_loc     0x00000cf4       0x8c mbcrc.o
 .debug_loc     0x00000d80      0x28c mbrtu.o
 .debug_loc     0x0000100c      0x341 mbfunccoils.o
 .debug_loc     0x0000134d      0x135 mbfuncdisc.o
 .debug_loc     0x00001482      0x439 mbfuncholding.o
 .debug_loc     0x000018bb      0x10c mbfuncinput.o
 .debug_loc     0x000019c7      0x115 mbfuncother.o
 .debug_loc     0x00001adc      0x106 mbutils.o
 .debug_loc     0x00001be2       0x46 current_loop.o

.debug_macinfo
 *(.debug_macinfo)
OUTPUT(main.elf elf32-avr)
LOAD linker stubs
